[2026-09-08 18:52:58] This is codeql database create --language=python --no-run-unnecessary-builds ./codeSql --source-root=.
[2026-09-08 18:52:58] Log file was started late.
[2026-09-08 18:52:58] [PROGRESS] database create> Initializing database at D:\Repositorios\VulnerableApp\codeSql.
[2026-09-08 18:52:58] Running plumbing command: codeql database init --language=python --extractor-options-verbosity=1 --qlconfig-file=D:\Repositorios\VulnerableApp\qlconfig.yml --source-root=D:\Repositorios\VulnerableApp --allow-missing-source-root=false --allow-already-existing -- D:\Repositorios\VulnerableApp\codeSql
[2026-09-08 18:52:58] Calling plumbing command: codeql resolve languages --extractor-options-verbosity=1 --format=betterjson
[2026-09-08 18:52:58] [DETAILS] resolve languages> Scanning for [codeql-extractor.yml] from C:\tools\codeql\.codeqlmanifest.json
[2026-09-08 18:52:58] [DETAILS] resolve languages> Parsing C:\tools\codeql\actions\codeql-extractor.yml.
[2026-09-08 18:52:58] [DETAILS] resolve languages> Parsing C:\tools\codeql\cpp\codeql-extractor.yml.
[2026-09-08 18:52:58] [DETAILS] resolve languages> Parsing C:\tools\codeql\csharp\codeql-extractor.yml.
[2026-09-08 18:52:58] [DETAILS] resolve languages> Parsing C:\tools\codeql\csv\codeql-extractor.yml.
[2026-09-08 18:52:58] [DETAILS] resolve languages> Parsing C:\tools\codeql\go\codeql-extractor.yml.
[2026-09-08 18:52:58] [DETAILS] resolve languages> Parsing C:\tools\codeql\html\codeql-extractor.yml.
[2026-09-08 18:52:58] [DETAILS] resolve languages> Parsing C:\tools\codeql\java\codeql-extractor.yml.
[2026-09-08 18:52:58] [DETAILS] resolve languages> Parsing C:\tools\codeql\javascript\codeql-extractor.yml.
[2026-09-08 18:52:58] [DETAILS] resolve languages> Parsing C:\tools\codeql\properties\codeql-extractor.yml.
[2026-09-08 18:52:58] [DETAILS] resolve languages> Parsing C:\tools\codeql\python\codeql-extractor.yml.
[2026-09-08 18:52:58] [DETAILS] resolve languages> Parsing C:\tools\codeql\ruby\codeql-extractor.yml.
[2026-09-08 18:52:58] [DETAILS] resolve languages> Parsing C:\tools\codeql\rust\codeql-extractor.yml.
[2026-09-08 18:52:58] [DETAILS] resolve languages> Parsing C:\tools\codeql\swift\codeql-extractor.yml.
[2026-09-08 18:52:58] [DETAILS] resolve languages> Parsing C:\tools\codeql\xml\codeql-extractor.yml.
[2026-09-08 18:52:58] [DETAILS] resolve languages> Parsing C:\tools\codeql\yaml\codeql-extractor.yml.
[2026-09-08 18:52:58] Plumbing command codeql resolve languages completed:
                      {
                        "aliases" : {
                          "c" : "cpp",
                          "c++" : "cpp",
                          "c-c++" : "cpp",
                          "c-cpp" : "cpp",
                          "c#" : "csharp",
                          "java-kotlin" : "java",
                          "kotlin" : "java",
                          "javascript-typescript" : "javascript",
                          "typescript" : "javascript"
                        },
                        "extractors" : {
                          "actions" : [
                            {
                              "extractor_root" : "C:\\tools\\codeql\\actions",
                              "extractor_options" : { }
                            }
                          ],
                          "cpp" : [
                            {
                              "extractor_root" : "C:\\tools\\codeql\\cpp",
                              "extractor_options" : {
                                "scale_timeouts" : {
                                  "title" : "Value to scale compiler introspection timeouts with",
                                  "description" : "The extractor attempts to determine what compiler the source code being extracted is compiled with. To this end the extractor makes additional calls to the compiler, some of which are expected to return within a certain fixed time (either 10s or 15s). On some systems that are under high load this time might be too short, and can be scaled up using this option.\n",
                                  "type" : "string",
                                  "pattern" : "[0-9]+"
                                },
                                "log_verbosity" : {
                                  "title" : "Verbosity of the extractor logging",
                                  "description" : "Set the verbosity of the extractor logging to 'quiet' (0), 'normal' (1), 'chatty' (2), or 'noisy' (3). The default is 'normal'.\n",
                                  "type" : "string",
                                  "pattern" : "[0-3]"
                                }
                              }
                            }
                          ],
                          "csharp" : [
                            {
                              "extractor_root" : "C:\\tools\\codeql\\csharp",
                              "extractor_options" : {
                                "trap" : {
                                  "title" : "Options pertaining to TRAP.",
                                  "description" : "Options pertaining to TRAP.",
                                  "type" : "object",
                                  "properties" : {
                                    "compression" : {
                                      "title" : "Controls compression for the TRAP files written by the extractor.",
                                      "description" : "This option is only intended for use in debugging the extractor. Accepted values are 'brotli' (the default, to write brotli-compressed TRAP), 'gzip', and 'none' (to write uncompressed TRAP).\n",
                                      "type" : "string",
                                      "pattern" : "^(none|gzip|brotli)$"
                                    }
                                  }
                                },
                                "buildless" : {
                                  "title" : "DEPRECATED - Whether to use buildless (standalone) extraction.",
                                  "description" : "DEPRECATED: Use `--build-mode none` instead.\nA value indicating, which type of extraction the autobuilder should perform. If 'true', then the standalone extractor will be used, otherwise tracing extraction will be performed. The default is 'false'. Note that buildless extraction will generally yield less accurate analysis results, and should only be used in cases where it is not possible to build the code (for example if it uses inaccessible dependencies).\n",
                                  "type" : "string",
                                  "pattern" : "^(false|true)$"
                                },
                                "logging" : {
                                  "title" : "Options pertaining to logging.",
                                  "description" : "Options pertaining to logging.",
                                  "type" : "object",
                                  "properties" : {
                                    "verbosity" : {
                                      "title" : "Extractor logging verbosity level.",
                                      "description" : "Controls the level of verbosity of the extractor. The supported levels are (in order of increasing verbosity):\n  - off\n  - errors\n  - warnings\n  - info or progress\n  - debug or progress+\n  - trace or progress++\n  - progress+++\n",
                                      "type" : "string",
                                      "pattern" : "^(off|errors|warnings|(info|progress)|(debug|progress\\+)|(trace|progress\\+\\+)|progress\\+\\+\\+)$"
                                    }
                                  }
                                },
                                "binlog" : {
                                  "title" : "Binlog",
                                  "description" : "[EXPERIMENTAL] The value is a path to the MsBuild binary log file that should be extracted. This option only works when `--build-mode none` is also specified.\n",
                                  "type" : "array"
                                },
                                "buildless_dependency_dir" : {
                                  "title" : "The path where buildless (standalone) extraction should keep dependencies.",
                                  "description" : "If set, the buildless (standalone) extractor will store dependencies in this directory.\n",
                                  "type" : "string"
                                }
                              }
                            }
                          ],
                          "csv" : [
                            {
                              "extractor_root" : "C:\\tools\\codeql\\csv"
                            }
                          ],
                          "go" : [
                            {
                              "extractor_root" : "C:\\tools\\codeql\\go",
                              "extractor_options" : {
                                "extract_tests" : {
                                  "title" : "Whether to include Go test files in the CodeQL database.",
                                  "description" : "A value indicating whether Go test files should be included in the CodeQL database. The default is 'false'.\n",
                                  "type" : "string",
                                  "pattern" : "^(false|true)$"
                                },
                                "extract_vendor_dirs" : {
                                  "title" : "Whether to include Go vendor directories in the CodeQL database.",
                                  "description" : "A value indicating whether Go vendor directories should be included in the CodeQL database. The default is 'false'.\n",
                                  "type" : "string",
                                  "pattern" : "^(false|true)$"
                                }
                              }
                            }
                          ],
                          "html" : [
                            {
                              "extractor_root" : "C:\\tools\\codeql\\html"
                            }
                          ],
                          "java" : [
                            {
                              "extractor_root" : "C:\\tools\\codeql\\java",
                              "extractor_options" : {
                                "exclude" : {
                                  "title" : "A glob excluding files from analysis.",
                                  "description" : "A glob indicating what files to exclude from the analysis. This accepts glob patterns that are supported by Java's 'getPathMatcher' implementation.\n",
                                  "type" : "string"
                                },
                                "add_prefer_source" : {
                                  "title" : "Whether to always prefer source files over class files.",
                                  "description" : "A value indicating whether source files should be preferred over class files. If set to 'true', the extraction adds '-Xprefer:source' to the javac command line. If set to 'false', the extraction uses the default javac behavior ('-Xprefer:newer'). The default is 'true'.\n",
                                  "type" : "string",
                                  "pattern" : "^(false|true)$"
                                },
                                "buildless" : {
                                  "title" : "Whether to use buildless (standalone) extraction (experimental).",
                                  "description" : "A value indicating, which type of extraction the autobuilder should perform. If 'true', then the standalone extractor will be used, otherwise tracing extraction will be performed. The default is 'false'. Note that buildless extraction will generally yield less accurate analysis results, and should only be used in cases where it is not possible to build the code (for example if it uses inaccessible dependencies).\n",
                                  "type" : "string",
                                  "pattern" : "^(false|true)$"
                                },
                                "buildless_dependency_dir" : {
                                  "title" : "The path where buildless (standalone) extraction should keep dependencies.",
                                  "description" : "If set, the buildless (standalone) extractor will store dependencies in this directory.\n",
                                  "type" : "string"
                                },
                                "minimize_dependency_jars" : {
                                  "title" : "Whether to rewrite and minimize downloaded JAR dependencies (experimental).",
                                  "description" : "If 'true', JAR dependencies downloaded during extraction will be rewritten to remove unneeded data, such as method bodies. The default is 'false'.\n",
                                  "type" : "string",
                                  "pattern" : "^(false|true)$"
                                }
                              }
                            }
                          ],
                          "javascript" : [
                            {
                              "extractor_root" : "C:\\tools\\codeql\\javascript",
                              "extractor_options" : {
                                "skip_types" : {
                                  "title" : "Skip type extraction for TypeScript",
                                  "description" : "Whether to skip the extraction of types in a TypeScript application",
                                  "type" : "string",
                                  "pattern" : "^(false|true)$"
                                }
                              }
                            }
                          ],
                          "properties" : [
                            {
                              "extractor_root" : "C:\\tools\\codeql\\properties"
                            }
                          ],
                          "python" : [
                            {
                              "extractor_root" : "C:\\tools\\codeql\\python",
                              "extractor_options" : {
                                "logging" : {
                                  "title" : "Options pertaining to logging.",
                                  "description" : "Options pertaining to logging.",
                                  "type" : "object",
                                  "properties" : {
                                    "verbosity" : {
                                      "title" : "Python extractor logging verbosity level.",
                                      "description" : "Controls the level of verbosity of the CodeQL Python extractor.\nThe supported levels are (in order of increasing verbosity):\n\n  - off\n  - errors\n  - warnings\n  - info or progress\n  - debug or progress+\n  - trace or progress++\n  - progress+++\n",
                                      "type" : "string",
                                      "pattern" : "^(off|errors|warnings|(info|progress)|(debug|progress\\+)|(trace|progress\\+\\+)|progress\\+\\+\\+)$"
                                    }
                                  }
                                },
                                "python_executable_name" : {
                                  "title" : "Controls the name of the Python executable used by the Python extractor.",
                                  "description" : "The Python extractor uses platform-dependent heuristics to determine the name of the Python executable to use. Specifying a value for this option overrides the name of the Python executable used by the extractor. Accepted values are py, python and python3. Use this setting with caution, the Python extractor requires Python 3 to run.\n",
                                  "type" : "string",
                                  "pattern" : "^(py|python|python3)$"
                                }
                              }
                            }
                          ],
                          "ruby" : [
                            {
                              "extractor_root" : "C:\\tools\\codeql\\ruby",
                              "extractor_options" : {
                                "trap" : {
                                  "title" : "Options pertaining to TRAP.",
                                  "description" : "Options pertaining to TRAP.",
                                  "type" : "object",
                                  "properties" : {
                                    "compression" : {
                                      "title" : "Controls compression for the TRAP files written by the extractor.",
                                      "description" : "This option is only intended for use in debugging the extractor. Accepted values are 'gzip' (the default, to write gzip-compressed TRAP) 'zstd' (to write Zstandard-compressed TRAP) and 'none' (to write uncompressed TRAP).\n",
                                      "type" : "string",
                                      "pattern" : "^(none|gzip|zstd)$"
                                    }
                                  }
                                }
                              }
                            }
                          ],
                          "rust" : [
                            {
                              "extractor_root" : "C:\\tools\\codeql\\rust",
                              "extractor_options" : {
                                "trap" : {
                                  "title" : "Options pertaining to TRAP.",
                                  "description" : "Options pertaining to TRAP.",
                                  "type" : "object",
                                  "properties" : {
                                    "compression" : {
                                      "title" : "Controls compression for the TRAP files written by the extractor.",
                                      "description" : "This option is only intended for use in debugging the extractor. Accepted values are 'gzip' (to write gzip-compressed TRAP) 'zstd' (the default, to write Zstandard-compressed TRAP) and 'none' (to write uncompressed TRAP).\n",
                                      "type" : "string",
                                      "pattern" : "^(none|gzip|zstd)$"
                                    }
                                  }
                                },
                                "cargo_target_dir" : {
                                  "title" : "Directory to use for cargo output files.",
                                  "description" : "This value is an optional path to use as `CARGO_TARGET_DIR` for the internal cargo commands the extractor uses. Pointing it to a persistent directory may reduce execution time of consecutive extractor runs. By default, a new scratch directory is used for each run.\n",
                                  "type" : "string"
                                },
                                "cargo_target" : {
                                  "title" : "Target architecture",
                                  "description" : "Target architecture to use for analysis, analogous to `cargo --target`. By default the host architecture is used.\n",
                                  "type" : "string"
                                },
                                "cargo_features" : {
                                  "title" : "Cargo features to turn on",
                                  "description" : "Comma-separated list of features to turn on. By default all features are enabled. If any features are specified, then only those features are enabled. The `default` feature must be explicitly specified if only default features are desired. Can be repeated.\n",
                                  "type" : "array"
                                },
                                "cargo_cfg_overrides" : {
                                  "title" : "Cargo cfg overrides",
                                  "description" : "Comma-separated list of cfg settings to enable, or disable if prefixed with `-`. Can be repeated.\n",
                                  "type" : "array"
                                },
                                "logging" : {
                                  "title" : "Options pertaining to logging.",
                                  "description" : "Options pertaining to logging.",
                                  "type" : "object",
                                  "properties" : {
                                    "verbosity" : {
                                      "title" : "Extractor logging verbosity level.",
                                      "description" : "Controls the level of verbosity of the extractor. The supported levels are (in order of increasing verbosity):\n  - off\n  - errors\n  - warnings\n  - info or progress\n  - debug or progress+\n  - trace or progress++\n  - progress+++\n",
                                      "type" : "string",
                                      "pattern" : "^(off|errors|warnings|(info|progress)|(debug|progress\\+)|(trace|progress\\+\\+)|progress\\+\\+\\+)$"
                                    },
                                    "flamegraph" : {
                                      "title" : "[Experimental] File path for write flame graph log",
                                      "description" : "Collect flame graph data using the `tracing-flame` crate. To render a flame graph or chart, run the `inferno-flamegraph` command. See also: https://crates.io/crates/tracing-flame\n",
                                      "type" : "string"
                                    }
                                  }
                                },
                                "extract_dependencies_as_source" : {
                                  "title" : "Extract dependencies as source code",
                                  "description" : "Extract the full source code of dependencies instead of only extracting signatures.\n",
                                  "type" : "string",
                                  "pattern" : "^(false|true)$"
                                }
                              }
                            }
                          ],
                          "swift" : [
                            {
                              "extractor_root" : "C:\\tools\\codeql\\swift"
                            }
                          ],
                          "xml" : [
                            {
                              "extractor_root" : "C:\\tools\\codeql\\xml"
                            }
                          ],
                          "yaml" : [
                            {
                              "extractor_root" : "C:\\tools\\codeql\\yaml"
                            }
                          ]
                        }
                      }
[2026-09-08 18:52:58] [PROGRESS] database init> Calculating baseline information in D:\Repositorios\VulnerableApp
[2026-09-08 18:52:58] [SPAMMY] database init> Ignoring the following directories when processing baseline information: .git, .hg, .svn.
[2026-09-08 18:52:58] [DETAILS] database init> Running command in D:\Repositorios\VulnerableApp: C:\tools\codeql\tools\win64\scc.exe --by-file --exclude-dir .git,.hg,.svn --format json --no-large --no-min .
[2026-09-08 18:52:59] Using configure-baseline script C:\tools\codeql\actions\tools\configure-baseline.cmd.
[2026-09-08 18:52:59] [PROGRESS] database init> Running command in D:\Repositorios\VulnerableApp: [C:\tools\codeql\actions\tools\configure-baseline.cmd]
[2026-09-08 18:52:59] [SPAMMY] database init> Ignored an additional 4 files when processing baseline information for YAML due to paths and paths-ignore configuration.
[2026-09-08 18:52:59] [SPAMMY] database init> Found 13 baseline files for python.
[2026-09-08 18:52:59] [SPAMMY] database init> Found 0 baseline files for actions.
[2026-09-08 18:52:59] [PROGRESS] database init> Calculated baseline information for languages: actions, python (205ms).
[2026-09-08 18:52:59] [SPAMMY] database init> Selected JGit Git client for D:\Repositorios\VulnerableApp because the repository uses SHA-1 object format.
[2026-09-08 18:52:59] [PROGRESS] database init> Resolving extractor python.
[2026-09-08 18:52:59] [DETAILS] database init> Found candidate extractor root for python: C:\tools\codeql\python.
[2026-09-08 18:52:59] [PROGRESS] database init> Successfully loaded extractor Python (python) from C:\tools\codeql\python.
[2026-09-08 18:52:59] [PROGRESS] database init> Created skeleton CodeQL database at D:\Repositorios\VulnerableApp\codeSql. This in-progress database is ready to be populated by an extractor.
[2026-09-08 18:52:59] Plumbing command codeql database init completed.
[2026-09-08 18:52:59] [PROGRESS] database create> Running build command: []
[2026-09-08 18:52:59] Running plumbing command: codeql database trace-command --no-run-unnecessary-builds --working-dir=D:\Repositorios\VulnerableApp --index-traceless-dbs --no-db-cluster -- D:\Repositorios\VulnerableApp\codeSql
[2026-09-08 18:52:59] Using autobuild script C:\tools\codeql\python\tools\autobuild.cmd.
[2026-09-08 18:52:59] [PROGRESS] database trace-command> Running command in D:\Repositorios\VulnerableApp: [C:\tools\codeql\python\tools\autobuild.cmd]
[2026-09-08 18:53:00] [build-stdout] Python 3.14.7
[2026-09-08 18:53:01] [build-stderr] Unknown option: -2
[2026-09-08 18:53:01] [build-stderr] usage: C:\Users\rafar\AppData\Local\Python\pythoncore-3.14-64\python.exe [option] ... [-c cmd | -m mod | file | -] [arg] ...
[2026-09-08 18:53:01] [build-stderr] Try `python -h' for more information.
[2026-09-08 18:53:01] [build-stdout] Source root appears to be the real root.
[2026-09-08 18:53:01] [build-stdout] Will try to guess Python version, as it was not specified in `lgtm.yml`
[2026-09-08 18:53:01] [build-stdout] Trying to guess Python version based on Trove classifiers in setup.py
[2026-09-08 18:53:01] [build-stdout] Did not find setup.py (expected it to be at D:\Repositorios\VulnerableApp\setup.py)
[2026-09-08 18:53:01] [build-stdout] Trying to guess Python version based on travis file
[2026-09-08 18:53:01] [build-stdout] Did not find any travis files (expected them at either ['D:\\Repositorios\\VulnerableApp\\.travis.yml', 'D:\\Repositorios\\VulnerableApp\\travis.yml'])
[2026-09-08 18:53:01] [build-stdout] Trying to guess Python version based on installed versions
[2026-09-08 18:53:01] [build-stdout] Wanted to run Python 2, but it is not available. Using Python 3 instead
[2026-09-08 18:53:01] [build-stdout] This script is running Python 3, but Python 2 is also available (as 'py -3')
[2026-09-08 18:53:01] [build-stdout] Could not guess Python version, will use default: Python 3
[2026-09-08 18:53:01] [build-stdout] Calling py -3 -S C:\tools\codeql\python\tools\python_tracer.py --verbosity 3 -z all -c D:\Repositorios\VulnerableApp\codeSql\working\trap_cache -R D:\Repositorios\VulnerableApp
[2026-09-08 18:53:03] [build-stdout] Python 3.14.7
[2026-09-08 18:53:03] [build-stdout] INFO: The Python extractor has recently stopped extracting the standard library by default. If you encounter problems, please let us know by submitting an issue to https://github.com/github/codeql. It is possible to re-enable extraction of the standard library by setting the environment variable CODEQL_EXTRACTOR_PYTHON_EXTRACT_STDLIB.
[2026-09-08 18:53:04] [build-stdout] [INFO] Extraction will use the Python 3 standard library.
[2026-09-08 18:53:04] [build-stdout] [INFO] sys_path is: ['C:\\tools\\codeql\\python\\tools', 'C:\\Users\\rafar\\AppData\\Local\\Python\\pythoncore-3.14-64\\python314.zip', 'C:\\Users\\rafar\\AppData\\Local\\Python\\pythoncore-3.14-64\\DLLs', 'C:\\Users\\rafar\\AppData\\Local\\Python\\pythoncore-3.14-64\\Lib', 'C:\\Users\\rafar\\AppData\\Local\\Python\\pythoncore-3.14-64']
[2026-09-08 18:53:04] [build-stdout] [INFO] Python version 3.14.7
[2026-09-08 18:53:04] [build-stdout] [INFO] Python extractor version 7.1.8
[2026-09-08 18:53:04] [build-stdout] [INFO] [10] Extracted folder D:\Repositorios\VulnerableApp\scripts in 3ms
[2026-09-08 18:53:04] [build-stdout] [INFO] [15] Extracted folder D:\Repositorios\VulnerableApp\src\secure in 3ms
[2026-09-08 18:53:04] [build-stdout] [INFO] [5] Extracted file D:\Repositorios\VulnerableApp\scripts\analyze_sast.py in 62ms
[2026-09-08 18:53:04] [build-stdout] [INFO] [11] Extracted folder D:\Repositorios\VulnerableApp\src\vulnerable in 4ms
[2026-09-08 18:53:04] [build-stdout] [INFO] [3] Extracted folder D:\Repositorios\VulnerableApp\src in 4ms
[2026-09-08 18:53:04] [build-stdout] [INFO] [3] Skipped built-in file C:\Users\rafar\AppData\Local\Python\pythoncore-3.14-64\Lib\subprocess.py
[2026-09-08 18:53:04] [build-stdout] [INFO] [10] Extracted file D:\Repositorios\VulnerableApp\src\secure\cwe89_sql_injection_fixed.py in 30ms
[2026-09-08 18:53:04] [build-stdout] [INFO] [5] Extracted folder D:\Repositorios\VulnerableApp\tests in 4ms
[2026-09-08 18:53:04] [build-stdout] [INFO] [11] Extracted folder C:\Users\rafar\AppData\Local\Python\pythoncore-3.14-64\Lib\json in 2ms
[2026-09-08 18:53:04] [build-stdout] [INFO] [3] Skipped built-in file C:\Users\rafar\AppData\Local\Python\pythoncore-3.14-64\Lib\os.py
[2026-09-08 18:53:04] [build-stdout] [INFO] [11] Skipped built-in file C:\Users\rafar\AppData\Local\Python\pythoncore-3.14-64\Lib\json\__init__.py
[2026-09-08 18:53:04] [build-stdout] [INFO] [10] Skipped built-in file C:\Users\rafar\AppData\Local\Python\pythoncore-3.14-64\Lib\sqlite3\__init__.py
[2026-09-08 18:53:04] [build-stdout] [INFO] [16] Extracted file D:\Repositorios\VulnerableApp\src\secure\cwe22_path_traversal_fixed.py in 37ms
[2026-09-08 18:53:04] [build-stdout] [INFO] [3] Extracted folder C:\Users\rafar\AppData\Local\Python\pythoncore-3.14-64\Lib\sqlite3 in 2ms
[2026-09-08 18:53:04] [build-stdout] [INFO] [14] Extracted file D:\Repositorios\VulnerableApp\src\secure\cwe79_xss_fixed.py in 33ms
[2026-09-08 18:53:04] [build-stdout] [INFO] [12] Extracted file D:\Repositorios\VulnerableApp\src\vulnerable\cwe22_path_traversal.py in 25ms
[2026-09-08 18:53:04] [build-stdout] [INFO] [15] Extracted file D:\Repositorios\VulnerableApp\src\vulnerable\cwe327_insecure_crypto.py in 31ms
[2026-09-08 18:53:04] [build-stdout] [INFO] [1] Extracted file D:\Repositorios\VulnerableApp\scripts\generate.py in 74ms
[2026-09-08 18:53:04] [build-stdout] [INFO] [5] Skipped built-in file C:\Users\rafar\AppData\Local\Python\pythoncore-3.14-64\Lib\hashlib.py
[2026-09-08 18:53:04] [build-stdout] [INFO] [8] Extracted file D:\Repositorios\VulnerableApp\src\vulnerable\cwe79_xss.py in 31ms
[2026-09-08 18:53:04] [build-stdout] [INFO] [6] Extracted file D:\Repositorios\VulnerableApp\src\secure\cwe327_insecure_crypto_fixed.py in 49ms
[2026-09-08 18:53:04] [build-stdout] [INFO] [10] Skipped built-in file C:\Users\rafar\AppData\Local\Python\pythoncore-3.14-64\Lib\base64.py
[2026-09-08 18:53:04] [build-stdout] [INFO] [7] Skipped built-in file C:\Users\rafar\AppData\Local\Python\pythoncore-3.14-64\Lib\secrets.py
[2026-09-08 18:53:04] [build-stdout] [INFO] [2] Extracted file D:\Repositorios\VulnerableApp\src\vulnerable\cwe89_sql_injection.py in 26ms
[2026-09-08 18:53:04] [build-stdout] [INFO] [11] Extracted module time in 8ms
[2026-09-08 18:53:04] [build-stdout] [INFO] [4] Extracted file D:\Repositorios\VulnerableApp\scripts\detect_llm.py in 88ms
[2026-09-08 18:53:04] [build-stdout] [INFO] [9] Extracted file D:\Repositorios\VulnerableApp\scripts\metrics.py in 90ms
[2026-09-08 18:53:04] [build-stdout] [INFO] [16] Extracted module math in 9ms
[2026-09-08 18:53:04] [build-stdout] [INFO] [13] Extracted file D:\Repositorios\VulnerableApp\tests\test_vulnerabilities.py in 57ms
[2026-09-08 18:53:04] [build-stdout] [INFO] [14] Skipped built-in file C:\Users\rafar\AppData\Local\Python\pythoncore-3.14-64\Lib\unittest\__init__.py
[2026-09-08 18:53:04] [build-stdout] [INFO] [3] Extracted folder C:\Users\rafar\AppData\Local\Python\pythoncore-3.14-64\Lib\unittest in 2ms
[2026-09-08 18:53:04] [build-stdout] [INFO] [12] Extracted module sys in 2ms
[2026-09-08 18:53:05] [build-stdout] [INFO] Processed 32 modules in 1.33s
[2026-09-08 18:53:05] Plumbing command codeql database trace-command completed.
[2026-09-08 18:53:05] [PROGRESS] database create> Finalizing database at D:\Repositorios\VulnerableApp\codeSql.
[2026-09-08 18:53:05] Running plumbing command: codeql database finalize --no-db-cluster -- D:\Repositorios\VulnerableApp\codeSql
[2026-09-08 18:53:05] Using pre-finalize script C:\tools\codeql\python\tools\pre-finalize.cmd.
[2026-09-08 18:53:05] [PROGRESS] database finalize> Running pre-finalize script C:\tools\codeql\python\tools\pre-finalize.cmd in D:\Repositorios\VulnerableApp.
[2026-09-08 18:53:05] Running plumbing command: codeql database trace-command --working-dir=D:\Repositorios\VulnerableApp --no-tracing -- D:\Repositorios\VulnerableApp\codeSql C:\tools\codeql\python\tools\pre-finalize.cmd
[2026-09-08 18:53:05] [PROGRESS] database trace-command> Running command in D:\Repositorios\VulnerableApp: [C:\tools\codeql\python\tools\pre-finalize.cmd]
[2026-09-08 18:53:06] [build-stderr] Scanning for files in D:\Repositorios\VulnerableApp...
[2026-09-08 18:53:06] [build-stderr] D:\Repositorios\VulnerableApp\codeSql: Indexing files in in D:\Repositorios\VulnerableApp...
[2026-09-08 18:53:06] [build-stderr] Running command in D:\Repositorios\VulnerableApp: [C:\tools\codeql\yaml\tools\index-files.cmd, D:\Repositorios\VulnerableApp\codeSql\working\files-to-index5987247637118866550.list]
[2026-09-08 18:53:06] Plumbing command codeql database trace-command completed.
[2026-09-08 18:53:06] [PROGRESS] database finalize> Pre-finalize script C:\tools\codeql\python\tools\pre-finalize.cmd completed in 1636 ms.
[2026-09-08 18:53:06] [PROGRESS] database finalize> Running TRAP import for CodeQL database at D:\Repositorios\VulnerableApp\codeSql...
[2026-09-08 18:53:06] Running plumbing command: codeql dataset import --dbscheme=C:\tools\codeql\python\semmlecode.python.dbscheme -- D:\Repositorios\VulnerableApp\codeSql\db-python D:\Repositorios\VulnerableApp\codeSql\trap\python
[2026-09-08 18:53:07] Clearing disk cache since the version file D:\Repositorios\VulnerableApp\codeSql\db-python\default\cache\version does not exist
[2026-09-08 18:53:07] Tuple pool not found. Clearing relations with cached strings
[2026-09-08 18:53:07] Trimming disk cache at D:\Repositorios\VulnerableApp\codeSql\db-python\default\cache in mode clear.
[2026-09-08 18:53:07] Sequence stamp origin is -5870677465396414355
[2026-09-08 18:53:07] Pausing evaluation to hard-clear memory at sequence stamp o+0
[2026-09-08 18:53:07] Unpausing evaluation
[2026-09-08 18:53:07] Pausing evaluation to quickly trim disk at sequence stamp o+1
[2026-09-08 18:53:07] Unpausing evaluation
[2026-09-08 18:53:07] Pausing evaluation to zealously trim disk at sequence stamp o+2
[2026-09-08 18:53:07] Unpausing evaluation
[2026-09-08 18:53:07] Trimming completed (15ms): Purged everything.
[2026-09-08 18:53:07] Scanning for files in D:\Repositorios\VulnerableApp\codeSql\trap\python
[2026-09-08 18:53:07] Found 46 TRAP files (631.35 KiB)
[2026-09-08 18:53:07] [PROGRESS] dataset import> Importing TRAP files
[2026-09-08 18:53:07] Importing $files.1Wd7wQCqPQw21nueWLXKqeDzbv4=.trap.gz (1 of 46)
[2026-09-08 18:53:07] Importing $files.4erD5emMXko0n0SEAHjYyZCMAK4=.trap.gz (2 of 46)
[2026-09-08 18:53:07] Importing $files.9mSp1TQmO8Fj6zQkbmI7s8bbHto=.trap.gz (3 of 46)
[2026-09-08 18:53:07] Importing $files.HdfTflyaHDgsSFZsF2Dlz1MA56M=.trap.gz (4 of 46)
[2026-09-08 18:53:07] Importing $files.IakeVlkGDgJ9fPmopp31pCjQn4Q=.trap.gz (5 of 46)
[2026-09-08 18:53:07] Importing $files.J_jzQpvlVo690IfKJsjqVKzpX3g=.trap.gz (6 of 46)
[2026-09-08 18:53:07] Importing $files.Pm9cVPRhD4mTOGh5rqYUaTRUOTs=.trap.gz (7 of 46)
[2026-09-08 18:53:07] Importing $files.R7E5Ovh6j3hUYVq5TiRcFyjOTbM=.trap.gz (8 of 46)
[2026-09-08 18:53:07] Importing $files.Vf-3_72VpaJnJknIjtT2JrGaIdc=.trap.gz (9 of 46)
[2026-09-08 18:53:07] Importing $files.YmU1_N3B4H1aD6d1toPJwOSO4os=.trap.gz (10 of 46)
[2026-09-08 18:53:07] Importing $files.aCXE5yTOR91TisnOYcLvxLyudUI=.trap.gz (11 of 46)
[2026-09-08 18:53:07] Importing $files.e2dy4BOieOpujam9AWiRehMpfOo=.trap.gz (12 of 46)
[2026-09-08 18:53:07] Importing $files.z3K0d2yXLbLVL17yuPGTrEZ5uOA=.trap.gz (13 of 46)
[2026-09-08 18:53:07] Importing $flags.YWA3zrmoJdErjzjgN4bMOL0lt00=.trap.gz (14 of 46)
[2026-09-08 18:53:07] Importing $interpreter3.7QmvykeSdKk0oSlxApelM_MSCR4=.trap.gz (15 of 46)
[2026-09-08 18:53:07] Importing $stdlib_33.T9IrQTWzxXdq9sZ8q7yN-wTuvh8=.trap (16 of 46)
[2026-09-08 18:53:07] Importing codeql-database.yml.trap.gz (17 of 46)
[2026-09-08 18:53:07] Importing languages.yaml.trap.gz (18 of 46)
[2026-09-08 18:53:07] Importing models.yaml.trap.gz (19 of 46)
[2026-09-08 18:53:07] Importing codeql-database.yml.trap.gz (20 of 46)
[2026-09-08 18:53:07] Importing docker-compose.yml.trap.gz (21 of 46)
[2026-09-08 18:53:07] Importing analyze_sast.py.0hw48I32jbqhe_V4LSWc753_fro=.trap.gz (22 of 46)
[2026-09-08 18:53:07] Importing cwe22_path_traversal.py.nuHKcy2Q4Owp-9vF8XdMpV9XxKg=.trap.gz (23 of 46)
[2026-09-08 18:53:07] Importing cwe22_path_traversal_fixed.py.6skNVBmAOa3hGGc_62N2TZpksoM=.trap.gz (24 of 46)
[2026-09-08 18:53:07] Importing cwe327_insecure_crypto.py.W3I160QXckn3ey0MnkEMS0uGCtk=.trap.gz (25 of 46)
[2026-09-08 18:53:07] Importing cwe327_insecure_crypto_fixed.py.-BbHIbpw05-23P08HWT0YGOnOBM=.trap.gz (26 of 46)
[2026-09-08 18:53:07] Importing cwe79_xss.py.GTjHUlNF73mnaP1nxYoVUsKpcmk=.trap.gz (27 of 46)
[2026-09-08 18:53:07] Importing cwe79_xss_fixed.py.f6r_GatY9FnHUWgqbcQXsXEjJRo=.trap.gz (28 of 46)
[2026-09-08 18:53:07] Importing cwe89_sql_injection.py._28_TGJwOcTln226xhf9UIQej98=.trap.gz (29 of 46)
[2026-09-08 18:53:07] Importing cwe89_sql_injection_fixed.py.8tSR-Iss5K6T4aRIPFsukho8Xgs=.trap.gz (30 of 46)
[2026-09-08 18:53:07] Importing detect_llm.py.crVW-nFBDC2luO4pQe8ikuF02KU=.trap.gz (31 of 46)
[2026-09-08 18:53:07] Importing generate.py.njG39O1JzowrSJ1cUSILub8VCHQ=.trap.gz (32 of 46)
[2026-09-08 18:53:07] Importing json.VomhWgq0usZEsh30CEwqTY_5Lr8=.trap.gz (33 of 46)
[2026-09-08 18:53:07] Importing math.oLTV04ha2Us53ygIYFVO1NeUXpc=.trap.gz (34 of 46)
[2026-09-08 18:53:07] Importing metadata.trap.gz (35 of 46)
[2026-09-08 18:53:07] Importing metrics.py.IUpwTyaOeYghGMaBvVvPXGI4jzg=.trap.gz (36 of 46)
[2026-09-08 18:53:07] Importing scripts.SeOUx3gKhS5twTnK7BPsa-PzvG0=.trap.gz (37 of 46)
[2026-09-08 18:53:07] Importing secure.2vsjtgqrtJpXQjFmsM1D635KQgo=.trap.gz (38 of 46)
[2026-09-08 18:53:07] Importing sqlite3.krLh05DAH5T5MMTjb7AX_F6Y7Ck=.trap.gz (39 of 46)
[2026-09-08 18:53:07] Importing src.kWHQ0r1S6CbqVaQsrMfPj_CgLik=.trap.gz (40 of 46)
[2026-09-08 18:53:07] Importing sys.lWdRCY1ELlwqpaQNZoPGP5uWuIM=.trap.gz (41 of 46)
[2026-09-08 18:53:07] Importing test_vulnerabilities.py.FV8yUu21p6r29pRhozWODUdKSQU=.trap.gz (42 of 46)
[2026-09-08 18:53:07] Importing tests.LPsHIwf0RMw9Y5Oa6zlgQVCGO4g=.trap.gz (43 of 46)
[2026-09-08 18:53:07] Importing time.D-i0DeG7BUxIPlO0zgY9tggzTM4=.trap.gz (44 of 46)
[2026-09-08 18:53:07] Importing unittest._Ct5umcmPGQWYWESEiOL_4Dev2w=.trap.gz (45 of 46)
[2026-09-08 18:53:07] Importing vulnerable.h0-59ur90SHEiOCeqAz0udkVXKM=.trap.gz (46 of 46)
[2026-09-08 18:53:07] [PROGRESS] dataset import> Merging relations
[2026-09-08 18:53:08] Merging 1 fragment for 'files'.
[2026-09-08 18:53:08] Merged 66 bytes for 'files'.
[2026-09-08 18:53:08] Merging 1 fragment for 'folders'.
[2026-09-08 18:53:08] Merged 81 bytes for 'folders'.
[2026-09-08 18:53:08] Merging 1 fragment for 'containerparent'.
[2026-09-08 18:53:08] Merged 116 bytes for 'containerparent'.
[2026-09-08 18:53:08] Merging 1 fragment for 'py_flags_versioned'.
[2026-09-08 18:53:08] Merged 187 bytes for 'py_flags_versioned'.
[2026-09-08 18:53:08] Merging 1 fragment for 'py_cobjects'.
[2026-09-08 18:53:08] Merged 4935 bytes (4.82 KiB) for 'py_cobjects'.
[2026-09-08 18:53:08] Merging 1 fragment for 'py_cobjecttypes'.
[2026-09-08 18:53:08] Merged 5963 bytes (5.82 KiB) for 'py_cobjecttypes'.
[2026-09-08 18:53:08] Merging 1 fragment for 'py_cobject_sources'.
[2026-09-08 18:53:08] Merged 7119 bytes (6.95 KiB) for 'py_cobject_sources'.
[2026-09-08 18:53:08] Merging 1 fragment for 'py_cobjectnames'.
[2026-09-08 18:53:08] Merged 6684 bytes (6.53 KiB) for 'py_cobjectnames'.
[2026-09-08 18:53:08] Merging 1 fragment for 'py_cmembers_versioned'.
[2026-09-08 18:53:08] Merged 6864 bytes (6.70 KiB) for 'py_cmembers_versioned'.
[2026-09-08 18:53:08] Merging 1 fragment for 'py_special_objects'.
[2026-09-08 18:53:08] Merged 135 bytes for 'py_special_objects'.
[2026-09-08 18:53:08] Merging 1 fragment for 'py_citems'.
[2026-09-08 18:53:08] Merged 579 bytes for 'py_citems'.
[2026-09-08 18:53:08] Merging 1 fragment for 'ext_rettype'.
[2026-09-08 18:53:08] Merged 4050 bytes (3.96 KiB) for 'ext_rettype'.
[2026-09-08 18:53:08] Merging 1 fragment for 'ext_argtype'.
[2026-09-08 18:53:08] Merged 6815 bytes (6.66 KiB) for 'ext_argtype'.
[2026-09-08 18:53:08] Merging 1 fragment for 'ext_argreturn'.
[2026-09-08 18:53:08] Merged 41 bytes for 'ext_argreturn'.
[2026-09-08 18:53:08] Merging 1 fragment for 'ext_proptype'.
[2026-09-08 18:53:08] Merged 343 bytes for 'ext_proptype'.
[2026-09-08 18:53:08] Merging 1 fragment for 'yaml_scalars'.
[2026-09-08 18:53:08] Merged 774 bytes for 'yaml_scalars'.
[2026-09-08 18:53:08] Merging 1 fragment for 'yaml'.
[2026-09-08 18:53:08] Merged 1998 bytes (1.95 KiB) for 'yaml'.
[2026-09-08 18:53:08] Merging 1 fragment for 'locations_default'.
[2026-09-08 18:53:08] Merged 1980 bytes (1.93 KiB) for 'locations_default'.
[2026-09-08 18:53:08] Merging 1 fragment for 'yaml_locations'.
[2026-09-08 18:53:08] Merged 720 bytes for 'yaml_locations'.
[2026-09-08 18:53:08] Merging 1 fragment for 'yaml_comments'.
[2026-09-08 18:53:08] Merged 44 bytes for 'yaml_comments'.
[2026-09-08 18:53:08] Merging 1 fragment for 'py_Modules'.
[2026-09-08 18:53:08] Merged 38 bytes for 'py_Modules'.
[2026-09-08 18:53:08] Merging 1 fragment for 'py_module_path'.
[2026-09-08 18:53:08] Merged 73 bytes for 'py_module_path'.
[2026-09-08 18:53:08] Merging 1 fragment for 'variable'.
[2026-09-08 18:53:08] Merged 1126 bytes (1.10 KiB) for 'variable'.
[2026-09-08 18:53:08] Merging 1 fragment for 'py_extracted_version'.
[2026-09-08 18:53:08] Merged 41 bytes for 'py_extracted_version'.
[2026-09-08 18:53:08] Merging 1 fragment for 'py_stmt_lists'.
[2026-09-08 18:53:08] Merged 443 bytes for 'py_stmt_lists'.
[2026-09-08 18:53:08] Merging 1 fragment for 'py_stmts'.
[2026-09-08 18:53:08] Merged 1254 bytes (1.22 KiB) for 'py_stmts'.
[2026-09-08 18:53:08] Merging 1 fragment for 'py_scopes'.
[2026-09-08 18:53:08] Merged 1943 bytes (1.90 KiB) for 'py_scopes'.
[2026-09-08 18:53:08] Merging 1 fragment for 'py_exprs'.
[2026-09-08 18:53:08] Merged 5345 bytes (5.22 KiB) for 'py_exprs'.
[2026-09-08 18:53:08] Merging 1 fragment for 'py_strs'.
[2026-09-08 18:53:08] Merged 1825 bytes (1.78 KiB) for 'py_strs'.
[2026-09-08 18:53:08] Merging 1 fragment for 'py_alias_lists'.
[2026-09-08 18:53:08] Merged 129 bytes for 'py_alias_lists'.
[2026-09-08 18:53:08] Merging 1 fragment for 'py_aliases'.
[2026-09-08 18:53:08] Merged 162 bytes for 'py_aliases'.
[2026-09-08 18:53:08] Merging 1 fragment for 'py_ints'.
[2026-09-08 18:53:08] Merged 84 bytes for 'py_ints'.
[2026-09-08 18:53:08] Merging 1 fragment for 'py_bools'.
[2026-09-08 18:53:08] Merged 86 bytes for 'py_bools'.
[2026-09-08 18:53:08] Merging 1 fragment for 'py_variables'.
[2026-09-08 18:53:08] Merged 1291 bytes (1.26 KiB) for 'py_variables'.
[2026-09-08 18:53:08] Merging 1 fragment for 'py_expr_contexts'.
[2026-09-08 18:53:08] Merged 1901 bytes (1.86 KiB) for 'py_expr_contexts'.
[2026-09-08 18:53:08] Merging 1 fragment for 'py_arguments'.
[2026-09-08 18:53:08] Merged 122 bytes for 'py_arguments'.
[2026-09-08 18:53:08] Merging 1 fragment for 'py_expr_lists'.
[2026-09-08 18:53:08] Merged 1057 bytes (1.03 KiB) for 'py_expr_lists'.
[2026-09-08 18:53:08] Merging 1 fragment for 'py_Functions'.
[2026-09-08 18:53:08] Merged 128 bytes for 'py_Functions'.
[2026-09-08 18:53:08] Merging 1 fragment for 'py_parameter_lists'.
[2026-09-08 18:53:08] Merged 108 bytes for 'py_parameter_lists'.
[2026-09-08 18:53:08] Merging 1 fragment for 'py_dict_item_lists'.
[2026-09-08 18:53:08] Merged 80 bytes for 'py_dict_item_lists'.
[2026-09-08 18:53:08] Merging 1 fragment for 'py_dict_items'.
[2026-09-08 18:53:08] Merged 199 bytes for 'py_dict_items'.
[2026-09-08 18:53:08] Merging 1 fragment for 'py_numbers'.
[2026-09-08 18:53:08] Merged 313 bytes for 'py_numbers'.
[2026-09-08 18:53:08] Merging 1 fragment for 'py_cmpop_lists'.
[2026-09-08 18:53:08] Merged 72 bytes for 'py_cmpop_lists'.
[2026-09-08 18:53:08] Merging 1 fragment for 'py_cmpops'.
[2026-09-08 18:53:08] Merged 102 bytes for 'py_cmpops'.
[2026-09-08 18:53:08] Merging 1 fragment for 'py_exports'.
[2026-09-08 18:53:08] Merged 88 bytes for 'py_exports'.
[2026-09-08 18:53:08] Merging 1 fragment for 'py_flow_bb_node'.
[2026-09-08 18:53:08] Merged 4890 bytes (4.78 KiB) for 'py_flow_bb_node'.
[2026-09-08 18:53:08] Merging 1 fragment for 'py_scope_flow'.
[2026-09-08 18:53:08] Merged 837 bytes for 'py_scope_flow'.
[2026-09-08 18:53:08] Merging 1 fragment for 'py_successors'.
[2026-09-08 18:53:08] Merged 2917 bytes (2.85 KiB) for 'py_successors'.
[2026-09-08 18:53:08] Merging 1 fragment for 'py_idoms'.
[2026-09-08 18:53:08] Merged 2793 bytes (2.73 KiB) for 'py_idoms'.
[2026-09-08 18:53:08] Merging 1 fragment for 'py_ssa_var'.
[2026-09-08 18:53:08] Merged 535 bytes for 'py_ssa_var'.
[2026-09-08 18:53:08] Merging 1 fragment for 'py_ssa_defn'.
[2026-09-08 18:53:08] Merged 479 bytes for 'py_ssa_defn'.
[2026-09-08 18:53:08] Merging 1 fragment for 'py_ssa_use'.
[2026-09-08 18:53:08] Merged 624 bytes for 'py_ssa_use'.
[2026-09-08 18:53:08] Merging 1 fragment for 'py_true_successors'.
[2026-09-08 18:53:08] Merged 97 bytes for 'py_true_successors'.
[2026-09-08 18:53:08] Merging 1 fragment for 'py_false_successors'.
[2026-09-08 18:53:08] Merged 101 bytes for 'py_false_successors'.
[2026-09-08 18:53:08] Merging 1 fragment for 'locations_ast'.
[2026-09-08 18:53:08] Merged 7729 bytes (7.55 KiB) for 'locations_ast'.
[2026-09-08 18:53:08] Merging 1 fragment for 'py_scope_location'.
[2026-09-08 18:53:08] Merged 215 bytes for 'py_scope_location'.
[2026-09-08 18:53:08] Merging 1 fragment for 'py_comments'.
[2026-09-08 18:53:08] Merged 221 bytes for 'py_comments'.
[2026-09-08 18:53:08] Merging 1 fragment for 'py_codelines'.
[2026-09-08 18:53:08] Merged 142 bytes for 'py_codelines'.
[2026-09-08 18:53:08] Merging 1 fragment for 'py_commentlines'.
[2026-09-08 18:53:08] Merged 138 bytes for 'py_commentlines'.
[2026-09-08 18:53:08] Merging 1 fragment for 'py_docstringlines'.
[2026-09-08 18:53:08] Merged 132 bytes for 'py_docstringlines'.
[2026-09-08 18:53:08] Merging 1 fragment for 'py_alllines'.
[2026-09-08 18:53:08] Merged 142 bytes for 'py_alllines'.
[2026-09-08 18:53:08] Merging 1 fragment for 'numlines'.
[2026-09-08 18:53:08] Merged 98 bytes for 'numlines'.
[2026-09-08 18:53:08] Merging 1 fragment for 'py_locations'.
[2026-09-08 18:53:08] Merged 3196 bytes (3.12 KiB) for 'py_locations'.
[2026-09-08 18:53:08] Merging 1 fragment for 'py_operators'.
[2026-09-08 18:53:08] Merged 116 bytes for 'py_operators'.
[2026-09-08 18:53:08] Merging 1 fragment for 'py_unaryops'.
[2026-09-08 18:53:08] Merged 56 bytes for 'py_unaryops'.
[2026-09-08 18:53:08] Merging 1 fragment for 'py_ssa_phi'.
[2026-09-08 18:53:08] Merged 47 bytes for 'py_ssa_phi'.
[2026-09-08 18:53:08] Merging 1 fragment for 'py_exception_successors'.
[2026-09-08 18:53:08] Merged 47 bytes for 'py_exception_successors'.
[2026-09-08 18:53:08] Merging 1 fragment for 'sourceLocationPrefix'.
[2026-09-08 18:53:08] Merged 17 bytes for 'sourceLocationPrefix'.
[2026-09-08 18:53:08] Merging 1 fragment for 'py_boolops'.
[2026-09-08 18:53:08] Merged 49 bytes for 'py_boolops'.
[2026-09-08 18:53:08] Merging 1 fragment for 'py_Classes'.
[2026-09-08 18:53:08] Merged 33 bytes for 'py_Classes'.
[2026-09-08 18:53:08] Saving string and id pools to disk.
[2026-09-08 18:53:08] Finished importing TRAP files.
[2026-09-08 18:53:08] Read 1.75 MiB of uncompressed TRAP data.
[2026-09-08 18:53:08] Uncompressed relation data size: 390.20 KiB
[2026-09-08 18:53:08] Relation data size: 90.97 KiB (merge rate: 531.07 KiB/s)
[2026-09-08 18:53:08] String pool size: 2.08 MiB
[2026-09-08 18:53:08] ID pool size: 1.09 MiB
[2026-09-08 18:53:08] [PROGRESS] dataset import> Finished writing database (relations: 90.97 KiB; string pool: 2.08 MiB).
[2026-09-08 18:53:08] Pausing evaluation to close the cache at sequence stamp o+143
[2026-09-08 18:53:08] The disk cache is freshly trimmed; leave it be.
[2026-09-08 18:53:08] Unpausing evaluation
[2026-09-08 18:53:08] [WARN] Failed to delete D:\Repositorios\VulnerableApp\codeSql\db-python\default\strings\0\buckets (attempt 1)
                             java.nio.file.FileSystemException: D:\Repositorios\VulnerableApp\codeSql\db-python\default\strings\0\buckets: El proceso no tiene acceso al archivo porque está siendo utilizado por otro proceso
                             	at java.base/sun.nio.fs.WindowsException.translateToIOException(Unknown Source)
                             	at java.base/sun.nio.fs.WindowsException.rethrowAsIOException(Unknown Source)
                             	at java.base/sun.nio.fs.WindowsException.rethrowAsIOException(Unknown Source)
                             	at java.base/sun.nio.fs.WindowsFileSystemProvider.implDelete(Unknown Source)
                             	at java.base/sun.nio.fs.AbstractFileSystemProvider.delete(Unknown Source)
                             	at java.base/java.nio.file.Files.delete(Unknown Source)
                             	at com.semmle.util.files.FileUtil8.delete(FileUtil8.java:361)
                             	at com.semmle.util.files.FileUtil8.deleteIfExists(FileUtil8.java:394)
                             	at com.semmle.util.files.FileUtil8.lambda$deleteWithRetries$10(FileUtil8.java:629)
                             	at com.semmle.util.files.FileUtil8.performWithRetries(FileUtil8.java:560)
                             	at com.semmle.util.files.FileUtil8.deleteWithRetries(FileUtil8.java:628)
                             	at com.semmle.inmemory.util.MMapResizingIntArray.deleteFiles(MMapResizingIntArray.java:421)
                             	at com.semmle.inmemory.util.DiskPool.deleteFiles(DiskPool.java:236)
                             	at com.semmle.inmemory.util.SequentialDiskPool.deleteFiles(SequentialDiskPool.java:15)
                             	at com.semmle.inmemory.stringpool.IntensionalGeneration.deleteFiles(IntensionalGeneration.java:81)
                             	at com.semmle.inmemory.stringpool.StringPool.closePool(StringPool.java:728)
                             	at com.semmle.inmemory.MemoryBackend.close(MemoryBackend.java:211)
                             	at com.semmle.inmemory.trap.TrapImporter.close(TrapImporter.java:349)
                             	at com.semmle.cli2.ql.dataset.ImportCommand.executeSubcommand(ImportCommand.java:175)
                             	at com.semmle.cli2.picocli.SubcommandCommon.lambda$executeSubcommandWithMessages$5(SubcommandCommon.java:886)
                             	at com.semmle.cli2.picocli.SubcommandCommon.withCompilationMessages(SubcommandCommon.java:444)
                             	at com.semmle.cli2.picocli.SubcommandCommon.executeSubcommandWithMessages(SubcommandCommon.java:884)
                             	at com.semmle.cli2.picocli.PlumbingRunner.run(PlumbingRunner.java:123)
                             	at com.semmle.cli2.picocli.SubcommandCommon.runPlumbingInProcess(SubcommandCommon.java:201)
                             	at com.semmle.cli2.database.FinalizeCommand.doTrapImport(FinalizeCommand.java:274)
                             	at com.semmle.cli2.database.FinalizeCommand.finalizeOne(FinalizeCommand.java:199)
                             	at com.semmle.cli2.database.FinalizeCommand.executeSubcommand(FinalizeCommand.java:124)
                             	at com.semmle.cli2.picocli.SubcommandCommon.lambda$executeSubcommandWithMessages$5(SubcommandCommon.java:886)
                             	at com.semmle.cli2.picocli.SubcommandCommon.withCompilationMessages(SubcommandCommon.java:444)
                             	at com.semmle.cli2.picocli.SubcommandCommon.executeSubcommandWithMessages(SubcommandCommon.java:884)
                             	at com.semmle.cli2.picocli.PlumbingRunner.run(PlumbingRunner.java:123)
                             	at com.semmle.cli2.picocli.SubcommandCommon.runPlumbingInProcess(SubcommandCommon.java:201)
                             	at com.semmle.cli2.database.CreateCommand.executeSubcommand(CreateCommand.java:208)
                             	at com.semmle.cli2.picocli.SubcommandCommon.lambda$executeSubcommandWithMessages$5(SubcommandCommon.java:886)
                             	at com.semmle.cli2.picocli.SubcommandCommon.withCompilationMessages(SubcommandCommon.java:444)
                             	at com.semmle.cli2.picocli.SubcommandCommon.executeSubcommandWithMessages(SubcommandCommon.java:884)
                             	at com.semmle.cli2.picocli.SubcommandCommon.toplevelMain(SubcommandCommon.java:777)
                             	at com.semmle.cli2.picocli.SubcommandCommon.call(SubcommandCommon.java:757)
                             	at com.semmle.cli2.picocli.SubcommandMaker.runMain(SubcommandMaker.java:238)
                             	at com.semmle.cli2.picocli.SubcommandMaker.runMain(SubcommandMaker.java:259)
                             	at com.semmle.cli2.CodeQL.main(CodeQL.java:113)
[2026-09-08 18:53:09] Plumbing command codeql dataset import completed.
[2026-09-08 18:53:09] [PROGRESS] database finalize> TRAP import complete (2.6s).
[2026-09-08 18:53:09] Running plumbing command: codeql database cleanup -- D:\Repositorios\VulnerableApp\codeSql
[2026-09-08 18:53:09] [PROGRESS] database cleanup> Cleaning up existing TRAP files after import...
[2026-09-08 18:53:09] [PROGRESS] database cleanup> TRAP files cleaned up (15ms).
[2026-09-08 18:53:09] [PROGRESS] database cleanup> Cleaning up scratch directory...
[2026-09-08 18:53:09] [PROGRESS] database cleanup> Scratch directory cleaned up (7ms).
[2026-09-08 18:53:09] Running plumbing command: codeql dataset cleanup -- D:\Repositorios\VulnerableApp\codeSql\db-python
[2026-09-08 18:53:09] [PROGRESS] dataset cleanup> Cleaning up dataset in D:\Repositorios\VulnerableApp\codeSql\db-python.
[2026-09-08 18:53:09] Trimming disk cache at D:\Repositorios\VulnerableApp\codeSql\db-python\default\cache in mode trim.
[2026-09-08 18:53:09] Sequence stamp origin is -5870677454785784838
[2026-09-08 18:53:09] Pausing evaluation to quickly trim memory at sequence stamp o+0
[2026-09-08 18:53:09] Unpausing evaluation
[2026-09-08 18:53:09] Pausing evaluation to zealously trim disk at sequence stamp o+1
[2026-09-08 18:53:09] Unpausing evaluation
[2026-09-08 18:53:09] Trimming completed (4ms): Trimmed disposable data from cache.
[2026-09-08 18:53:09] Pausing evaluation to close the cache at sequence stamp o+2
[2026-09-08 18:53:09] The disk cache is freshly trimmed; leave it be.
[2026-09-08 18:53:09] Unpausing evaluation
[2026-09-08 18:53:09] [PROGRESS] dataset cleanup> Trimmed disposable data from cache.
[2026-09-08 18:53:09] [PROGRESS] dataset cleanup> Finalizing dataset in D:\Repositorios\VulnerableApp\codeSql\db-python
[2026-09-08 18:53:09] [DETAILS] dataset cleanup> Finished deleting ID pool from D:\Repositorios\VulnerableApp\codeSql\db-python (2ms).
[2026-09-08 18:53:09] Plumbing command codeql dataset cleanup completed.
[2026-09-08 18:53:09] Plumbing command codeql database cleanup completed with status 0.
[2026-09-08 18:53:09] [PROGRESS] database finalize> Finished zipping source archive (13.80 KiB).
[2026-09-08 18:53:09] Plumbing command codeql database finalize completed.
[2026-09-08 18:53:09] [PROGRESS] database create> Successfully created database at D:\Repositorios\VulnerableApp\codeSql.
[2026-09-08 18:53:09] Terminating normally.
