[2026-09-08 18:53:06] This is codeql database index-files --include-extension=.yaml --include-extension=.yml --also-match-lgtm-index-filters --size-limit=5m --language yaml -- D:\Repositorios\VulnerableApp\codeSql
[2026-09-08 18:53:06] Log file was started late.
[2026-09-08 18:53:06] Using index-files script C:\tools\codeql\yaml\tools\index-files.cmd.
[2026-09-08 18:53:06] [PROGRESS] database index-files> Scanning for files in D:\Repositorios\VulnerableApp...
[2026-09-08 18:53:06] Calling plumbing command: codeql resolve files --include-extension=.yaml --include-extension=.yml --also-match-lgtm-index-filters --size-limit=5m D:\Repositorios\VulnerableApp --format=json
[2026-09-08 18:53:06] [PROGRESS] resolve files> Scanning D:\Repositorios\VulnerableApp...
[2026-09-08 18:53:06] [PROGRESS] resolve files> Scanning D:\Repositorios\VulnerableApp\.git...
[2026-09-08 18:53:06] [PROGRESS] resolve files> Scanning D:\Repositorios\VulnerableApp\.git\hooks...
[2026-09-08 18:53:06] [PROGRESS] resolve files> Scanning D:\Repositorios\VulnerableApp\.git\info...
[2026-09-08 18:53:06] [PROGRESS] resolve files> Scanning D:\Repositorios\VulnerableApp\.git\logs...
[2026-09-08 18:53:06] [PROGRESS] resolve files> Scanning D:\Repositorios\VulnerableApp\.git\logs\refs...
[2026-09-08 18:53:06] [PROGRESS] resolve files> Scanning D:\Repositorios\VulnerableApp\.git\logs\refs\heads...
[2026-09-08 18:53:06] [PROGRESS] resolve files> Scanning D:\Repositorios\VulnerableApp\.git\logs\refs\remotes...
[2026-09-08 18:53:06] [PROGRESS] resolve files> Scanning D:\Repositorios\VulnerableApp\.git\logs\refs\remotes\origin...
[2026-09-08 18:53:06] [PROGRESS] resolve files> Scanning D:\Repositorios\VulnerableApp\.git\objects...
[2026-09-08 18:53:06] [PROGRESS] resolve files> Scanning D:\Repositorios\VulnerableApp\.git\objects\00...
[2026-09-08 18:53:06] [PROGRESS] resolve files> Scanning D:\Repositorios\VulnerableApp\.git\objects\20...
[2026-09-08 18:53:06] [PROGRESS] resolve files> Scanning D:\Repositorios\VulnerableApp\.git\objects\24...
[2026-09-08 18:53:06] [PROGRESS] resolve files> Scanning D:\Repositorios\VulnerableApp\.git\objects\26...
[2026-09-08 18:53:06] [PROGRESS] resolve files> Scanning D:\Repositorios\VulnerableApp\.git\objects\29...
[2026-09-08 18:53:06] [PROGRESS] resolve files> Scanning D:\Repositorios\VulnerableApp\.git\objects\32...
[2026-09-08 18:53:06] [PROGRESS] resolve files> Scanning D:\Repositorios\VulnerableApp\.git\objects\3a...
[2026-09-08 18:53:06] [PROGRESS] resolve files> Scanning D:\Repositorios\VulnerableApp\.git\objects\3e...
[2026-09-08 18:53:06] [PROGRESS] resolve files> Scanning D:\Repositorios\VulnerableApp\.git\objects\40...
[2026-09-08 18:53:06] [PROGRESS] resolve files> Scanning D:\Repositorios\VulnerableApp\.git\objects\47...
[2026-09-08 18:53:06] [PROGRESS] resolve files> Scanning D:\Repositorios\VulnerableApp\.git\objects\48...
[2026-09-08 18:53:06] [PROGRESS] resolve files> Scanning D:\Repositorios\VulnerableApp\.git\objects\4e...
[2026-09-08 18:53:06] [PROGRESS] resolve files> Scanning D:\Repositorios\VulnerableApp\.git\objects\52...
[2026-09-08 18:53:06] [PROGRESS] resolve files> Scanning D:\Repositorios\VulnerableApp\.git\objects\53...
[2026-09-08 18:53:06] [PROGRESS] resolve files> Scanning D:\Repositorios\VulnerableApp\.git\objects\6f...
[2026-09-08 18:53:06] [PROGRESS] resolve files> Scanning D:\Repositorios\VulnerableApp\.git\objects\73...
[2026-09-08 18:53:06] [PROGRESS] resolve files> Scanning D:\Repositorios\VulnerableApp\.git\objects\79...
[2026-09-08 18:53:06] [PROGRESS] resolve files> Scanning D:\Repositorios\VulnerableApp\.git\objects\7b...
[2026-09-08 18:53:06] [PROGRESS] resolve files> Scanning D:\Repositorios\VulnerableApp\.git\objects\7e...
[2026-09-08 18:53:06] [PROGRESS] resolve files> Scanning D:\Repositorios\VulnerableApp\.git\objects\7f...
[2026-09-08 18:53:06] [PROGRESS] resolve files> Scanning D:\Repositorios\VulnerableApp\.git\objects\85...
[2026-09-08 18:53:06] [PROGRESS] resolve files> Scanning D:\Repositorios\VulnerableApp\.git\objects\8e...
[2026-09-08 18:53:06] [PROGRESS] resolve files> Scanning D:\Repositorios\VulnerableApp\.git\objects\8f...
[2026-09-08 18:53:06] [PROGRESS] resolve files> Scanning D:\Repositorios\VulnerableApp\.git\objects\9b...
[2026-09-08 18:53:06] [PROGRESS] resolve files> Scanning D:\Repositorios\VulnerableApp\.git\objects\9c...
[2026-09-08 18:53:06] [PROGRESS] resolve files> Scanning D:\Repositorios\VulnerableApp\.git\objects\a0...
[2026-09-08 18:53:06] [PROGRESS] resolve files> Scanning D:\Repositorios\VulnerableApp\.git\objects\aa...
[2026-09-08 18:53:06] [PROGRESS] resolve files> Scanning D:\Repositorios\VulnerableApp\.git\objects\ad...
[2026-09-08 18:53:06] [PROGRESS] resolve files> Scanning D:\Repositorios\VulnerableApp\.git\objects\b2...
[2026-09-08 18:53:06] [PROGRESS] resolve files> Scanning D:\Repositorios\VulnerableApp\.git\objects\b6...
[2026-09-08 18:53:06] [PROGRESS] resolve files> Scanning D:\Repositorios\VulnerableApp\.git\objects\bb...
[2026-09-08 18:53:06] [PROGRESS] resolve files> Scanning D:\Repositorios\VulnerableApp\.git\objects\c4...
[2026-09-08 18:53:06] [PROGRESS] resolve files> Scanning D:\Repositorios\VulnerableApp\.git\objects\c5...
[2026-09-08 18:53:06] [PROGRESS] resolve files> Scanning D:\Repositorios\VulnerableApp\.git\objects\c8...
[2026-09-08 18:53:06] [PROGRESS] resolve files> Scanning D:\Repositorios\VulnerableApp\.git\objects\cd...
[2026-09-08 18:53:06] [PROGRESS] resolve files> Scanning D:\Repositorios\VulnerableApp\.git\objects\df...
[2026-09-08 18:53:06] [PROGRESS] resolve files> Scanning D:\Repositorios\VulnerableApp\.git\objects\e6...
[2026-09-08 18:53:06] [PROGRESS] resolve files> Scanning D:\Repositorios\VulnerableApp\.git\objects\f4...
[2026-09-08 18:53:06] [PROGRESS] resolve files> Scanning D:\Repositorios\VulnerableApp\.git\objects\fc...
[2026-09-08 18:53:06] [PROGRESS] resolve files> Scanning D:\Repositorios\VulnerableApp\.git\objects\info...
[2026-09-08 18:53:06] [PROGRESS] resolve files> Scanning D:\Repositorios\VulnerableApp\.git\objects\pack...
[2026-09-08 18:53:06] [PROGRESS] resolve files> Scanning D:\Repositorios\VulnerableApp\.git\refs...
[2026-09-08 18:53:06] [PROGRESS] resolve files> Scanning D:\Repositorios\VulnerableApp\.git\refs\heads...
[2026-09-08 18:53:06] [PROGRESS] resolve files> Scanning D:\Repositorios\VulnerableApp\.git\refs\remotes...
[2026-09-08 18:53:06] [PROGRESS] resolve files> Scanning D:\Repositorios\VulnerableApp\.git\refs\remotes\origin...
[2026-09-08 18:53:06] [PROGRESS] resolve files> Scanning D:\Repositorios\VulnerableApp\.git\refs\tags...
[2026-09-08 18:53:06] [PROGRESS] resolve files> Scanning D:\Repositorios\VulnerableApp\codeSql...
[2026-09-08 18:53:06] [PROGRESS] resolve files> Scanning D:\Repositorios\VulnerableApp\codeSql\diagnostic...
[2026-09-08 18:53:06] [PROGRESS] resolve files> Scanning D:\Repositorios\VulnerableApp\codeSql\diagnostic\extractors...
[2026-09-08 18:53:06] [PROGRESS] resolve files> Scanning D:\Repositorios\VulnerableApp\codeSql\diagnostic\extractors\python...
[2026-09-08 18:53:06] [PROGRESS] resolve files> Scanning D:\Repositorios\VulnerableApp\codeSql\diagnostic\tracer...
[2026-09-08 18:53:06] [PROGRESS] resolve files> Scanning D:\Repositorios\VulnerableApp\codeSql\log...
[2026-09-08 18:53:06] [PROGRESS] resolve files> Scanning D:\Repositorios\VulnerableApp\codeSql\src...
[2026-09-08 18:53:06] [PROGRESS] resolve files> Scanning D:\Repositorios\VulnerableApp\codeSql\src\D_...
[2026-09-08 18:53:06] [PROGRESS] resolve files> Scanning D:\Repositorios\VulnerableApp\codeSql\src\D_\Repositorios...
[2026-09-08 18:53:06] [PROGRESS] resolve files> Scanning D:\Repositorios\VulnerableApp\codeSql\src\D_\Repositorios\VulnerableApp...
[2026-09-08 18:53:06] [PROGRESS] resolve files> Scanning D:\Repositorios\VulnerableApp\codeSql\src\D_\Repositorios\VulnerableApp\scripts...
[2026-09-08 18:53:06] [PROGRESS] resolve files> Scanning D:\Repositorios\VulnerableApp\codeSql\src\D_\Repositorios\VulnerableApp\src...
[2026-09-08 18:53:06] [PROGRESS] resolve files> Scanning D:\Repositorios\VulnerableApp\codeSql\src\D_\Repositorios\VulnerableApp\src\secure...
[2026-09-08 18:53:06] [PROGRESS] resolve files> Scanning D:\Repositorios\VulnerableApp\codeSql\src\D_\Repositorios\VulnerableApp\src\vulnerable...
[2026-09-08 18:53:06] [PROGRESS] resolve files> Scanning D:\Repositorios\VulnerableApp\codeSql\src\D_\Repositorios\VulnerableApp\tests...
[2026-09-08 18:53:06] [PROGRESS] resolve files> Scanning D:\Repositorios\VulnerableApp\codeSql\trap...
[2026-09-08 18:53:06] [PROGRESS] resolve files> Scanning D:\Repositorios\VulnerableApp\codeSql\trap\python...
[2026-09-08 18:53:06] [PROGRESS] resolve files> Scanning D:\Repositorios\VulnerableApp\codeSql\working...
[2026-09-08 18:53:06] [PROGRESS] resolve files> Scanning D:\Repositorios\VulnerableApp\codeSql\working\trap_cache...
[2026-09-08 18:53:06] [PROGRESS] resolve files> Scanning D:\Repositorios\VulnerableApp\codeSql\working\trap_cache\1...
[2026-09-08 18:53:06] [PROGRESS] resolve files> Scanning D:\Repositorios\VulnerableApp\config...
[2026-09-08 18:53:06] [PROGRESS] resolve files> Scanning D:\Repositorios\VulnerableApp\config\prompts...
[2026-09-08 18:53:06] [PROGRESS] resolve files> Scanning D:\Repositorios\VulnerableApp\db...
[2026-09-08 18:53:06] [PROGRESS] resolve files> Scanning D:\Repositorios\VulnerableApp\db\diagnostic...
[2026-09-08 18:53:06] [PROGRESS] resolve files> Scanning D:\Repositorios\VulnerableApp\db\diagnostic\extractors...
[2026-09-08 18:53:06] [PROGRESS] resolve files> Scanning D:\Repositorios\VulnerableApp\db\diagnostic\extractors\python...
[2026-09-08 18:53:06] [PROGRESS] resolve files> Scanning D:\Repositorios\VulnerableApp\db\diagnostic\tracer...
[2026-09-08 18:53:06] [PROGRESS] resolve files> Scanning D:\Repositorios\VulnerableApp\db\log...
[2026-09-08 18:53:06] [PROGRESS] resolve files> Scanning D:\Repositorios\VulnerableApp\db\working...
[2026-09-08 18:53:06] [PROGRESS] resolve files> Scanning D:\Repositorios\VulnerableApp\docker...
[2026-09-08 18:53:06] [PROGRESS] resolve files> Scanning D:\Repositorios\VulnerableApp\docker\bandit...
[2026-09-08 18:53:06] [PROGRESS] resolve files> Scanning D:\Repositorios\VulnerableApp\docker\codeql...
[2026-09-08 18:53:06] [PROGRESS] resolve files> Scanning D:\Repositorios\VulnerableApp\docker\sonarqube...
[2026-09-08 18:53:06] [PROGRESS] resolve files> Scanning D:\Repositorios\VulnerableApp\results...
[2026-09-08 18:53:06] [PROGRESS] resolve files> Scanning D:\Repositorios\VulnerableApp\scripts...
[2026-09-08 18:53:06] [PROGRESS] resolve files> Scanning D:\Repositorios\VulnerableApp\src...
[2026-09-08 18:53:06] [PROGRESS] resolve files> Scanning D:\Repositorios\VulnerableApp\src\secure...
[2026-09-08 18:53:06] [PROGRESS] resolve files> Scanning D:\Repositorios\VulnerableApp\src\vulnerable...
[2026-09-08 18:53:06] [PROGRESS] resolve files> Scanning D:\Repositorios\VulnerableApp\tests...
[2026-09-08 18:53:06] Plumbing command codeql resolve files completed:
                      [
                        "D:\\Repositorios\\VulnerableApp\\codeSql\\codeql-database.yml",
                        "D:\\Repositorios\\VulnerableApp\\config\\languages.yaml",
                        "D:\\Repositorios\\VulnerableApp\\config\\models.yaml",
                        "D:\\Repositorios\\VulnerableApp\\db\\codeql-database.yml",
                        "D:\\Repositorios\\VulnerableApp\\docker\\sonarqube\\docker-compose.yml"
                      ]
[2026-09-08 18:53:06] [DETAILS] database index-files> Found 5 files.
[2026-09-08 18:53:06] [PROGRESS] database index-files> D:\Repositorios\VulnerableApp\codeSql: Indexing files in in D:\Repositorios\VulnerableApp...
[2026-09-08 18:53:06] Using index-files script C:\tools\codeql\yaml\tools\index-files.cmd.
[2026-09-08 18:53:06] [PROGRESS] database index-files> Running command in D:\Repositorios\VulnerableApp: [C:\tools\codeql\yaml\tools\index-files.cmd, D:\Repositorios\VulnerableApp\codeSql\working\files-to-index5987247637118866550.list]
[2026-09-08 18:53:06] Terminating normally.
